20:31:07 **** Incremental Build of configuration Debug for project UART2_TX_DMA_M2P ****
make -j8 all 
arm-none-eabi-gcc "../Core/Src/stm32f4xx_it.c" -mcpu=cortex-m4 -std=gnu11 -g3 -DDEBUG -DUSE_HAL_DRIVER -DSTM32F446xx -c -I../Core/Inc -I../Drivers/STM32F4xx_HAL_Driver/Inc -I../Drivers/STM32F4xx_HAL_Driver/Inc/Legacy -I../Drivers/CMSIS/Device/ST/STM32F4xx/Include -I../Drivers/CMSIS/Include -O0 -ffunction-sections -fdata-sections -Wall -fstack-usage -MMD -MP -MF"Core/Src/stm32f4xx_it.d" -MT"Core/Src/stm32f4xx_it.o" --specs=nano.specs -mfpu=fpv4-sp-d16 -mfloat-abi=hard -mthumb -o "Core/Src/stm32f4xx_it.o"
../Core/Src/stm32f4xx_it.c: In function 'EXTI15_10_IRQHandler':
../Core/Src/stm32f4xx_it.c:112:46: warning: cast from pointer to integer of different size [-Wpointer-to-int-cast]
  112 |  HAL_UART_Transmit_DMA(&huart2, data_stream, (uint16_t) data_len);
      |                                              ^
arm-none-eabi-gcc -o "UART2_TX_DMA_M2P.elf" @"objects.list"   -mcpu=cortex-m4 -T"C:\Users\ridel\Documents\CareerDevelopment\Embedded\07DMA\DMAProgramming\MyWorkspace\UART2_TX_DMA_M2P\STM32F446RETX_FLASH.ld" --specs=nosys.specs -Wl,-Map="UART2_TX_DMA_M2P.map" -Wl,--gc-sections -static --specs=nano.specs -mfpu=fpv4-sp-d16 -mfloat-abi=hard -mthumb -Wl,--start-group -lc -lm -Wl,--end-group
Finished building target: UART2_TX_DMA_M2P.elf
 
arm-none-eabi-size   UART2_TX_DMA_M2P.elf 
arm-none-eabi-objdump -h -S  UART2_TX_DMA_M2P.elf  > "UART2_TX_DMA_M2P.list"
   text	   data	    bss	    dec	    hex	filename
  11444	    480	   1736	  13660	   355c	UART2_TX_DMA_M2P.elf
Finished building: default.size.stdout
 
Finished building: UART2_TX_DMA_M2P.list
 
20:31:33 **** Incremental Build of configuration Debug for project UART2_TX_DMA_M2P ****
make -j8 all 
arm-none-eabi-size   UART2_TX_DMA_M2P.elf 
   text	   data	    bss	    dec	    hex	filename
  11444	    480	   1736	  13660	   355c	UART2_TX_DMA_M2P.elf
Finished building: default.size.stdout
 
20:31:50 **** Incremental Build of configuration Debug for project UART2_TX_DMA_M2P ****
make -j8 all 
arm-none-eabi-size   UART2_TX_DMA_M2P.elf 
   text	   data	    bss	    dec	    hex	filename
  11444	    480	   1736	  13660	   355c	UART2_TX_DMA_M2P.elf
Finished building: default.size.stdout
 
20:32:05 **** Incremental Build of configuration Debug for project UART2_TX_DMA_M2P ****
make -j8 all 
arm-none-eabi-size   UART2_TX_DMA_M2P.elf 
   text	   data	    bss	    dec	    hex	filename
  11444	    480	   1736	  13660	   355c	UART2_TX_DMA_M2P.elf
Finished building: default.size.stdout
 
